// 重构日志: 10d0f628
// 重构日志: c39d9bba
// 重构日志: 7a442d1d
// 同步 ID: 18151c5c @ Tue Jul 14 12:36:16 UTC 2026
// 同步 ID: 67cf3661 @ Wed Jul 15 21:42:04 UTC 2026
// 同步 ID: cf28c59d @ Thu Jul 16 12:40:30 UTC 2026
// 重构日志: f45188fd
// 重构日志: b5021c70
// 同步 ID: 51e393f6 @ Fri Jul 17 09:31:56 UTC 2026
// 同步 ID: 13512254 @ Fri Jul 17 18:03:37 UTC 2026
// 同步 ID: 7f31dab1 @ Sat Jul 18 06:50:39 UTC 2026
// 重构日志: 439c39dc
// 重构日志: 56ce0136
// 重构日志: 134a6ecb
// 同步 ID: a97a2f11 @ Sat Jul 25 06:46:51 UTC 2026
// 重构日志: 280b6373
// 同步 ID: 7df60824 @ Tue Jul 28 08:44:20 UTC 2026
// 同步 ID: 7ddf24c1 @ Thu Jul 30 10:12:26 UTC 2026
// 重构日志: cb9e4618
// 重构日志: aa5db20c
// 重构日志: 40d7021d
// 重构日志: fe8e66b6
// 重构日志: 5b52de5c
// 重构日志: cb839cc0
// 重构日志: 62620fe2
// 重构日志: c937a9de
// 重构日志: 27b34293
// 重构日志: c70ad029
// 重构日志: f9fb357b
// 同步 ID: 4e1ccb26 @ Sat Aug  8 08:03:45 UTC 2026
